Archive member included to satisfy reference by file (symbol)

C:/ST/STM32CubeIDE_1.13.0/STM32CubeIDE/plugins/com.st.stm32cube.ide.mcu.externaltools.gnu-tools-for-stm32.11.3.rel1.win32_1.1.0.202305231506/tools/bin/../lib/gcc/arm-none-eabi/11.3.1/../../../../arm-none-eabi/lib/thumb/v7-m/nofp\libc_nano.a(libc_a-exit.o)
                              C:/ST/STM32CubeIDE_1.13.0/STM32CubeIDE/plugins/com.st.stm32cube.ide.mcu.externaltools.gnu-tools-for-stm32.11.3.rel1.win32_1.1.0.202305231506/tools/bin/../lib/gcc/arm-none-eabi/11.3.1/../../../../arm-none-eabi/lib/thumb/v7-m/nofp/crt0.o (exit)
C:/ST/STM32CubeIDE_1.13.0/STM32CubeIDE/plugins/com.st.stm32cube.ide.mcu.externaltools.gnu-tools-for-stm32.11.3.rel1.win32_1.1.0.202305231506/tools/bin/../lib/gcc/arm-none-eabi/11.3.1/../../../../arm-none-eabi/lib/thumb/v7-m/nofp\libc_nano.a(libc_a-findfp.o)
                              C:/ST/STM32CubeIDE_1.13.0/STM32CubeIDE/plugins/com.st.stm32cube.ide.mcu.externaltools.gnu-tools-for-stm32.11.3.rel1.win32_1.1.0.202305231506/tools/bin/../lib/gcc/arm-none-eabi/11.3.1/../../../../arm-none-eabi/lib/thumb/v7-m/nofp\libc_nano.a(libc_a-exit.o) (__stdio_exit_handler)
C:/ST/STM32CubeIDE_1.13.0/STM32CubeIDE/plugins/com.st.stm32cube.ide.mcu.externaltools.gnu-tools-for-stm32.11.3.rel1.win32_1.1.0.202305231506/tools/bin/../lib/gcc/arm-none-eabi/11.3.1/../../../../arm-none-eabi/lib/thumb/v7-m/nofp\libc_nano.a(libc_a-fwalk.o)
                              C:/ST/STM32CubeIDE_1.13.0/STM32CubeIDE/plugins/com.st.stm32cube.ide.mcu.externaltools.gnu-tools-for-stm32.11.3.rel1.win32_1.1.0.202305231506/tools/bin/../lib/gcc/arm-none-eabi/11.3.1/../../../../arm-none-eabi/lib/thumb/v7-m/nofp\libc_nano.a(libc_a-findfp.o) (_fwalk_sglue)
C:/ST/STM32CubeIDE_1.13.0/STM32CubeIDE/plugins/com.st.stm32cube.ide.mcu.externaltools.gnu-tools-for-stm32.11.3.rel1.win32_1.1.0.202305231506/tools/bin/../lib/gcc/arm-none-eabi/11.3.1/../../../../arm-none-eabi/lib/thumb/v7-m/nofp\libc_nano.a(libc_a-stdio.o)
                              C:/ST/STM32CubeIDE_1.13.0/STM32CubeIDE/plugins/com.st.stm32cube.ide.mcu.externaltools.gnu-tools-for-stm32.11.3.rel1.win32_1.1.0.202305231506/tools/bin/../lib/gcc/arm-none-eabi/11.3.1/../../../../arm-none-eabi/lib/thumb/v7-m/nofp\libc_nano.a(libc_a-findfp.o) (__sread)
C:/ST/STM32CubeIDE_1.13.0/STM32CubeIDE/plugins/com.st.stm32cube.ide.mcu.externaltools.gnu-tools-for-stm32.11.3.rel1.win32_1.1.0.202305231506/tools/bin/../lib/gcc/arm-none-eabi/11.3.1/../../../../arm-none-eabi/lib/thumb/v7-m/nofp\libc_nano.a(libc_a-memset.o)
                              C:/ST/STM32CubeIDE_1.13.0/STM32CubeIDE/plugins/com.st.stm32cube.ide.mcu.externaltools.gnu-tools-for-stm32.11.3.rel1.win32_1.1.0.202305231506/tools/bin/../lib/gcc/arm-none-eabi/11.3.1/../../../../arm-none-eabi/lib/thumb/v7-m/nofp/crt0.o (memset)
C:/ST/STM32CubeIDE_1.13.0/STM32CubeIDE/plugins/com.st.stm32cube.ide.mcu.externaltools.gnu-tools-for-stm32.11.3.rel1.win32_1.1.0.202305231506/tools/bin/../lib/gcc/arm-none-eabi/11.3.1/../../../../arm-none-eabi/lib/thumb/v7-m/nofp\libc_nano.a(libc_a-closer.o)
                              C:/ST/STM32CubeIDE_1.13.0/STM32CubeIDE/plugins/com.st.stm32cube.ide.mcu.externaltools.gnu-tools-for-stm32.11.3.rel1.win32_1.1.0.202305231506/tools/bin/../lib/gcc/arm-none-eabi/11.3.1/../../../../arm-none-eabi/lib/thumb/v7-m/nofp\libc_nano.a(libc_a-stdio.o) (_close_r)
C:/ST/STM32CubeIDE_1.13.0/STM32CubeIDE/plugins/com.st.stm32cube.ide.mcu.externaltools.gnu-tools-for-stm32.11.3.rel1.win32_1.1.0.202305231506/tools/bin/../lib/gcc/arm-none-eabi/11.3.1/../../../../arm-none-eabi/lib/thumb/v7-m/nofp\libc_nano.a(libc_a-reent.o)
                              C:/ST/STM32CubeIDE_1.13.0/STM32CubeIDE/plugins/com.st.stm32cube.ide.mcu.externaltools.gnu-tools-for-stm32.11.3.rel1.win32_1.1.0.202305231506/tools/bin/../lib/gcc/arm-none-eabi/11.3.1/../../../../arm-none-eabi/lib/thumb/v7-m/nofp\libc_nano.a(libc_a-closer.o) (errno)
C:/ST/STM32CubeIDE_1.13.0/STM32CubeIDE/plugins/com.st.stm32cube.ide.mcu.externaltools.gnu-tools-for-stm32.11.3.rel1.win32_1.1.0.202305231506/tools/bin/../lib/gcc/arm-none-eabi/11.3.1/../../../../arm-none-eabi/lib/thumb/v7-m/nofp\libc_nano.a(libc_a-impure.o)
                              C:/ST/STM32CubeIDE_1.13.0/STM32CubeIDE/plugins/com.st.stm32cube.ide.mcu.externaltools.gnu-tools-for-stm32.11.3.rel1.win32_1.1.0.202305231506/tools/bin/../lib/gcc/arm-none-eabi/11.3.1/../../../../arm-none-eabi/lib/thumb/v7-m/nofp\libc_nano.a(libc_a-reent.o) (_impure_ptr)
C:/ST/STM32CubeIDE_1.13.0/STM32CubeIDE/plugins/com.st.stm32cube.ide.mcu.externaltools.gnu-tools-for-stm32.11.3.rel1.win32_1.1.0.202305231506/tools/bin/../lib/gcc/arm-none-eabi/11.3.1/../../../../arm-none-eabi/lib/thumb/v7-m/nofp\libc_nano.a(libc_a-lseekr.o)
[...]
Memory Configuration

Name             Origin             Length             Attributes
RAM              0x0000000020000000 0x0000000000005000 xrw
FLASH            0x0000000008000000 0x0000000000020000 xr
*default*        0x0000000000000000 0xffffffffffffffff

Linker script and memory map

LOAD C:/ST/STM32CubeIDE_1.13.0/STM32CubeIDE/plugins/com.st.stm32cube.ide.mcu.externaltools.gnu-tools-for-stm32.11.3.rel1.win32_1.1.0.202305231506/tools/bin/../lib/gcc/arm-none-eabi/11.3.1/thumb/v7-m/nofp/crti.o
LOAD C:/ST/STM32CubeIDE_1.13.0/STM32CubeIDE/plugins/com.st.stm32cube.ide.mcu.externaltools.gnu-tools-for-stm32.11.3.rel1.win32_1.1.0.202305231506/tools/bin/../lib/gcc/arm-none-eabi/11.3.1/thumb/v7-m/nofp/crtbegin.o
LOAD C:/ST/STM32CubeIDE_1.13.0/STM32CubeIDE/plugins/com.st.stm32cube.ide.mcu.externaltools.gnu-tools-for-stm32.11.3.rel1.win32_1.1.0.202305231506/tools/bin/../lib/gcc/arm-none-eabi/11.3.1/../../../../arm-none-eabi/lib/thumb/v7-m/nofp/crt0.o
LOAD ./main.o
LOAD ./src/bp/bp.o
LOAD ./src/bsp/bsp.o
LOAD ./src/bsp/stm32f1xx_hal_msp.o
LOAD ./src/bsp/stm32f1xx_it.o
LOAD ./src/bsp/syscalls.o
LOAD ./src/bsp/sysmem.o
LOAD ./src/bsp/system_stm32f1xx.o
LOAD ./src/bsp/startup/startup_stm32f103rbhx.o
LOAD ./src/hw/hw.o
LOAD ./src/lib/Drivers/STM32F1xx_HAL_Driver/Src/stm32f1xx_hal.o
LOAD ./src/lib/Drivers/STM32F1xx_HAL_Driver/Src/stm32f1xx_hal_cortex.o
LOAD ./src/lib/Drivers/STM32F1xx_HAL_Driver/Src/stm32f1xx_hal_dma.o
LOAD ./src/lib/Drivers/STM32F1xx_HAL_Driver/Src/stm32f1xx_hal_exti.o
LOAD ./src/lib/Drivers/STM32F1xx_HAL_Driver/Src/stm32f1xx_hal_flash.o
LOAD ./src/lib/Drivers/STM32F1xx_HAL_Driver/Src/stm32f1xx_hal_flash_ex.o
LOAD ./src/lib/Drivers/STM32F1xx_HAL_Driver/Src/stm32f1xx_hal_gpio.o
LOAD ./src/lib/Drivers/STM32F1xx_HAL_Driver/Src/stm32f1xx_hal_gpio_ex.o
LOAD ./src/lib/Drivers/STM32F1xx_HAL_Driver/Src/stm32f1xx_hal_pwr.o
LOAD ./src/lib/Drivers/STM32F1xx_HAL_Driver/Src/stm32f1xx_hal_rcc.o
LOAD ./src/lib/Drivers/STM32F1xx_HAL_Driver/Src/stm32f1xx_hal_rcc_ex.o
LOAD ./src/lib/Drivers/STM32F1xx_HAL_Driver/Src/stm32f1xx_hal_tim.o
LOAD ./src/lib/Drivers/STM32F1xx_HAL_Driver/Src/stm32f1xx_hal_tim_ex.o
START GROUP
LOAD C:/ST/STM32CubeIDE_1.13.0/STM32CubeIDE/plugins/com.st.stm32cube.ide.mcu.externaltools.gnu-tools-for-stm32.11.3.rel1.win32_1.1.0.202305231506/tools/bin/../lib/gcc/arm-none-eabi/11.3.1/../../../../arm-none-eabi/lib/thumb/v7-m/nofp\libc_nano.a
LOAD C:/ST/STM32CubeIDE_1.13.0/STM32CubeIDE/plugins/com.st.stm32cube.ide.mcu.externaltools.gnu-tools-for-stm32.11.3.rel1.win32_1.1.0.202305231506/tools/bin/../lib/gcc/arm-none-eabi/11.3.1/../../../../arm-none-eabi/lib/thumb/v7-m/nofp\libm.a
END GROUP
START GROUP
LOAD C:/ST/STM32CubeIDE_1.13.0/STM32CubeIDE/plugins/com.st.stm32cube.ide.mcu.externaltools.gnu-tools-for-stm32.11.3.rel1.win32_1.1.0.202305231506/tools/bin/../lib/gcc/arm-none-eabi/11.3.1/thumb/v7-m/nofp\libgcc.a
LOAD C:/ST/STM32CubeIDE_1.13.0/STM32CubeIDE/plugins/com.st.stm32cube.ide.mcu.externaltools.gnu-tools-for-stm32.11.3.rel1.win32_1.1.0.202305231506/tools/bin/../lib/gcc/arm-none-eabi/11.3.1/../../../../arm-none-eabi/lib/thumb/v7-m/nofp\libc_nano.a
END GROUP
START GROUP
LOAD C:/ST/STM32CubeIDE_1.13.0/STM32CubeIDE/plugins/com.st.stm32cube.ide.mcu.externaltools.gnu-tools-for-stm32.11.3.rel1.win32_1.1.0.202305231506/tools/bin/../lib/gcc/arm-none-eabi/11.3.1/thumb/v7-m/nofp\libgcc.a
LOAD C:/ST/STM32CubeIDE_1.13.0/STM32CubeIDE/plugins/com.st.stm32cube.ide.mcu.externaltools.gnu-tools-for-stm32.11.3.rel1.win32_1.1.0.202305231506/tools/bin/../lib/gcc/arm-none-eabi/11.3.1/../../../../arm-none-eabi/lib/thumb/v7-m/nofp\libc_nano.a
LOAD C:/ST/STM32CubeIDE_1.13.0/STM32CubeIDE/plugins/com.st.stm32cube.ide.mcu.externaltools.gnu-tools-for-stm32.11.3.rel1.win32_1.1.0.202305231506/tools/bin/../lib/gcc/arm-none-eabi/11.3.1/../../../../arm-none-eabi/lib/thumb/v7-m/nofp\libnosys.a
END GROUP
START GROUP
LOAD C:/ST/STM32CubeIDE_1.13.0/STM32CubeIDE/plugins/com.st.stm32cube.ide.mcu.externaltools.gnu-tools-for-stm32.11.3.rel1.win32_1.1.0.202305231506/tools/bin/../lib/gcc/arm-none-eabi/11.3.1/thumb/v7-m/nofp\libgcc.a
LOAD C:/ST/STM32CubeIDE_1.13.0/STM32CubeIDE/plugins/com.st.stm32cube.ide.mcu.externaltools.gnu-tools-for-stm32.11.3.rel1.win32_1.1.0.202305231506/tools/bin/../lib/gcc/arm-none-eabi/11.3.1/../../../../arm-none-eabi/lib/thumb/v7-m/nofp\libc_nano.a
LOAD C:/ST/STM32CubeIDE_1.13.0/STM32CubeIDE/plugins/com.st.stm32cube.ide.mcu.externaltools.gnu-tools-for-stm32.11.3.rel1.win32_1.1.0.202305231506/tools/bin/../lib/gcc/arm-none-eabi/11.3.1/../../../../arm-none-eabi/lib/thumb/v7-m/nofp\libnosys.a
END GROUP
LOAD C:/ST/STM32CubeIDE_1.13.0/STM32CubeIDE/plugins/com.st.stm32cube.ide.mcu.externaltools.gnu-tools-for-stm32.11.3.rel1.win32_1.1.0.202305231506/tools/bin/../lib/gcc/arm-none-eabi/11.3.1/thumb/v7-m/nofp/crtend.o
LOAD C:/ST/STM32CubeIDE_1.13.0/STM32CubeIDE/plugins/com.st.stm32cube.ide.mcu.externaltools.gnu-tools-for-stm32.11.3.rel1.win32_1.1.0.202305231506/tools/bin/../lib/gcc/arm-none-eabi/11.3.1/thumb/v7-m/nofp/crtn.o
                0x0000000020005000                _estack = (ORIGIN (RAM) + LENGTH (RAM))
                0x0000000000000200                _Min_Heap_Size = 0x200
                0x0000000000000400                _Min_Stack_Size = 0x400

.isr_vector     0x0000000008000000      0x130
                0x0000000008000000                . = ALIGN (0x4)
 *(.isr_vector)
 .isr_vector    0x0000000008000000      0x130 ./src/bsp/startup/startup_stm32f103rbhx.o
                0x0000000008000000                g_pfnVectors
                0x0000000008000130                . = ALIGN (0x4)

.text           0x0000000008000130      0xd20
                0x0000000008000130                . = ALIGN (0x4)
 *(.text)
 .text          0x0000000008000130       0x40 C:/ST/STM32CubeIDE_1.13.0/STM32CubeIDE/plugins/com.st.stm32cube.ide.mcu.externaltools.gnu-tools-for-stm32.11.3.rel1.win32_1.1.0.202305231506/tools/bin/../lib/gcc/arm-none-eabi/11.3.1/thumb/v7-m/nofp/crtbegin.o
 *(.text*)
 .text.main     0x0000000008000170       0x16 ./main.o
                0x0000000008000170                main
 .text.bpInit   0x0000000008000186        0xc ./src/bp/bp.o
                0x0000000008000186                bpInit
 .text.bpMain   0x0000000008000192        0x6 ./src/bp/bp.o
                0x0000000008000192                bpMain
 .text.bspInit  0x0000000008000198       0x4c ./src/bsp/bsp.o
                0x0000000008000198                bspInit
 .text.SystemClock_Config
                0x00000000080001e4       0x8a ./src/bsp/bsp.o
                0x00000000080001e4                SystemClock_Config
 .text.Error_Handler
                0x000000000800026e        0xa ./src/bsp/bsp.o
                0x000000000800026e                Error_Handler
 .text.HAL_MspInit
                0x0000000008000278       0x64 ./src/bsp/stm32f1xx_hal_msp.o
                0x0000000008000278                HAL_MspInit
 .text.NMI_Handler
                0x00000000080002dc        0x6 ./src/bsp/stm32f1xx_it.o
                0x00000000080002dc                NMI_Handler
 .text.HardFault_Handler
                0x00000000080002e2        0x6 ./src/bsp/stm32f1xx_it.o
                0x00000000080002e2                HardFault_Handler
 .text.MemManage_Handler
                0x00000000080002e8        0x6 ./src/bsp/stm32f1xx_it.o
                0x00000000080002e8                MemManage_Handler
 .text.BusFault_Handler
                0x00000000080002ee        0x6 ./src/bsp/stm32f1xx_it.o
                0x00000000080002ee                BusFault_Handler
 .text.UsageFault_Handler
                0x00000000080002f4        0x6 ./src/bsp/stm32f1xx_it.o
                0x00000000080002f4                UsageFault_Handler
 .text.SVC_Handler
                0x00000000080002fa        0xc ./src/bsp/stm32f1xx_it.o
                0x00000000080002fa                SVC_Handler
 .text.DebugMon_Handler
                0x0000000008000306        0xc ./src/bsp/stm32f1xx_it.o
                0x0000000008000306                DebugMon_Handler
 .text.PendSV_Handler
                0x0000000008000312        0xc ./src/bsp/stm32f1xx_it.o
                0x0000000008000312                PendSV_Handler
 .text.SysTick_Handler
                0x000000000800031e        0xc ./src/bsp/stm32f1xx_it.o
                0x000000000800031e                SysTick_Handler
 .text.SystemInit
                0x000000000800032a        0xc ./src/bsp/system_stm32f1xx.o
                0x000000000800032a                SystemInit
 *fill*         0x0000000008000336        0x2 
 .text.Reset_Handler
                0x0000000008000338       0x50 ./src/bsp/startup/startup_stm32f103rbhx.o
                0x0000000008000338                Reset_Handler
 .text.Default_Handler
                0x0000000008000388        0x2 ./src/bsp/startup/startup_stm32f103rbhx.o
                0x0000000008000388                EXTI2_IRQHandler
                0x0000000008000388                TIM8_TRG_COM_IRQHandler
                0x0000000008000388                TIM8_CC_IRQHandler
                0x0000000008000388                TIM1_CC_IRQHandler
                0x0000000008000388                TIM6_IRQHandler
                0x0000000008000388                PVD_IRQHandler
                0x0000000008000388                SDIO_IRQHandler
                0x0000000008000388                EXTI3_IRQHandler
                0x0000000008000388                USB_HP_CAN_TX_IRQHandler
                0x0000000008000388                EXTI0_IRQHandler
                0x0000000008000388                I2C2_EV_IRQHandler
                0x0000000008000388                ADC1_2_IRQHandler
                0x0000000008000388                SPI1_IRQHandler
                0x0000000008000388                CAN_SCE_IRQHandler
                0x0000000008000388                TAMPER_IRQHandler
                0x0000000008000388                TIM8_UP_IRQHandler
                0x0000000008000388                DMA2_Channel2_IRQHandler
                0x0000000008000388                DMA1_Channel4_IRQHandler
                0x0000000008000388                USART3_IRQHandler
                0x0000000008000388                RTC_IRQHandler
                0x0000000008000388                DMA1_Channel7_IRQHandler
                0x0000000008000388                UART5_IRQHandler
                0x0000000008000388                ADC3_IRQHandler
                0x0000000008000388                TIM4_IRQHandler
                0x0000000008000388                CAN_RX1_IRQHandler
                0x0000000008000388                DMA2_Channel1_IRQHandler
                0x0000000008000388                I2C1_EV_IRQHandler
                0x0000000008000388                DMA1_Channel6_IRQHandler
                0x0000000008000388                UART4_IRQHandler
                0x0000000008000388                TIM3_IRQHandler
                0x0000000008000388                RCC_IRQHandler
                0x0000000008000388                TIM1_TRG_COM_IRQHandler
                0x0000000008000388                DMA1_Channel1_IRQHandler
                0x0000000008000388                Default_Handler
                0x0000000008000388                EXTI15_10_IRQHandler
                0x0000000008000388                TIM7_IRQHandler
                0x0000000008000388                TIM5_IRQHandler
                0x0000000008000388                EXTI9_5_IRQHandler
                0x0000000008000388                SPI2_IRQHandler
                0x0000000008000388                USB_LP_CAN_RX0_IRQHandler
                0x0000000008000388                DMA1_Channel5_IRQHandler
                0x0000000008000388                EXTI4_IRQHandler
                0x0000000008000388                DMA1_Channel3_IRQHandler
                0x0000000008000388                FSMC_IRQHandler
                0x0000000008000388                TIM1_UP_IRQHandler
                0x0000000008000388                WWDG_IRQHandler
                0x0000000008000388                TIM2_IRQHandler
                0x0000000008000388                TIM1_BRK_IRQHandler
                0x0000000008000388                EXTI1_IRQHandler
                0x0000000008000388                RTCAlarm_IRQHandler
                0x0000000008000388                DMA2_Channel4_5_IRQHandler
                0x0000000008000388                USART2_IRQHandler
                0x0000000008000388                I2C2_ER_IRQHandler
                0x0000000008000388                DMA1_Channel2_IRQHandler
                0x0000000008000388                TIM8_BRK_IRQHandler
                0x0000000008000388                FLASH_IRQHandler
                0x0000000008000388                USART1_IRQHandler
                0x0000000008000388                SPI3_IRQHandler
                0x0000000008000388                I2C1_ER_IRQHandler
                0x0000000008000388                DMA2_Channel3_IRQHandler
 .text.hwInit   0x000000000800038a        0xc ./src/hw/hw.o
                0x000000000800038a                hwInit
 *fill*         0x0000000008000396        0x2 
 .text.HAL_Init
                0x0000000008000398       0x2c ./src/lib/Drivers/STM32F1xx_HAL_Driver/Src/stm32f1xx_hal.o
                0x0000000008000398                HAL_Init
 .text.HAL_InitTick
                0x00000000080003c4       0x60 ./src/lib/Drivers/STM32F1xx_HAL_Driver/Src/stm32f1xx_hal.o
                0x00000000080003c4                HAL_InitTick
 .text.HAL_IncTick
                0x0000000008000424       0x24 ./src/lib/Drivers/STM32F1xx_HAL_Driver/Src/stm32f1xx_hal.o
                0x0000000008000424                HAL_IncTick
 .text.HAL_GetTick
                0x0000000008000448       0x14 ./src/lib/Drivers/STM32F1xx_HAL_Driver/Src/stm32f1xx_hal.o
                0x0000000008000448                HAL_GetTick
 .text.__NVIC_SetPriorityGrouping
                0x000000000800045c       0x48 ./src/lib/Drivers/STM32F1xx_HAL_Driver/Src/stm32f1xx_hal_cortex.o
 .text.__NVIC_GetPriorityGrouping
                0x00000000080004a4       0x1c ./src/lib/Drivers/STM32F1xx_HAL_Driver/Src/stm32f1xx_hal_cortex.o
 .text.__NVIC_SetPriority
                0x00000000080004c0       0x54 ./src/lib/Drivers/STM32F1xx_HAL_Driver/Src/stm32f1xx_hal_cortex.o
 .text.NVIC_EncodePriority
                0x0000000008000514       0x64 ./src/lib/Drivers/STM32F1xx_HAL_Driver/Src/stm32f1xx_hal_cortex.o
 .text.SysTick_Config
                0x0000000008000578       0x44 ./src/lib/Drivers/STM32F1xx_HAL_Driver/Src/stm32f1xx_hal_cortex.o
 .text.HAL_NVIC_SetPriorityGrouping
                0x00000000080005bc       0x16 ./src/lib/Drivers/STM32F1xx_HAL_Driver/Src/stm32f1xx_hal_cortex.o
                0x00000000080005bc                HAL_NVIC_SetPriorityGrouping
 .text.HAL_NVIC_SetPriority
                0x00000000080005d2       0x38 ./src/lib/Drivers/STM32F1xx_HAL_Driver/Src/stm32f1xx_hal_cortex.o
                0x00000000080005d2                HAL_NVIC_SetPriority
 .text.HAL_SYSTICK_Config
                0x000000000800060a       0x18 ./src/lib/Drivers/STM32F1xx_HAL_Driver/Src/stm32f1xx_hal_cortex.o
                0x000000000800060a                HAL_SYSTICK_Config
 *fill*         0x0000000008000622        0x2 
 .text.HAL_RCC_OscConfig
                0x0000000008000624      0x504 ./src/lib/Drivers/STM32F1xx_HAL_Driver/Src/stm32f1xx_hal_rcc.o
                0x0000000008000624                HAL_RCC_OscConfig
 .text.HAL_RCC_ClockConfig
                0x0000000008000b28      0x1d4 ./src/lib/Drivers/STM32F1xx_HAL_Driver/Src/stm32f1xx_hal_rcc.o
                0x0000000008000b28                HAL_RCC_ClockConfig
 .text.HAL_RCC_GetSysClockFreq
                0x0000000008000cfc       0xa8 ./src/lib/Drivers/STM32F1xx_HAL_Driver/Src/stm32f1xx_hal_rcc.o
                0x0000000008000cfc                HAL_RCC_GetSysClockFreq
 .text.RCC_Delay
                0x0000000008000da4       0x3c ./src/lib/Drivers/STM32F1xx_HAL_Driver/Src/stm32f1xx_hal_rcc.o
 .text.memset   0x0000000008000de0       0x10 C:/ST/STM32CubeIDE_1.13.0/STM32CubeIDE/plugins/com.st.stm32cube.ide.mcu.externaltools.gnu-tools-for-stm32.11.3.rel1.win32_1.1.0.202305231506/tools/bin/../lib/gcc/arm-none-eabi/11.3.1/../../../../arm-none-eabi/lib/thumb/v7-m/nofp\libc_nano.a(libc_a-memset.o)
                0x0000000008000de0                memset
 .text.__libc_init_array
                0x0000000008000df0       0x48 C:/ST/STM32CubeIDE_1.13.0/STM32CubeIDE/plugins/com.st.stm32cube.ide.mcu.externaltools.gnu-tools-for-stm32.11.3.rel1.win32_1.1.0.202305231506/tools/bin/../lib/gcc/arm-none-eabi/11.3.1/../../../../arm-none-eabi/lib/thumb/v7-m/nofp\libc_nano.a(libc_a-init.o)
                0x0000000008000df0                __libc_init_array
 *(.glue_7)
 .glue_7        0x0000000008000e38        0x0 linker stubs
 *(.glue_7t)
 .glue_7t       0x0000000008000e38        0x0 linker stubs
 *(.eh_frame)
 .eh_frame      0x0000000008000e38        0x0 C:/ST/STM32CubeIDE_1.13.0/STM32CubeIDE/plugins/com.st.stm32cube.ide.mcu.externaltools.gnu-tools-for-stm32.11.3.rel1.win32_1.1.0.202305231506/tools/bin/../lib/gcc/arm-none-eabi/11.3.1/thumb/v7-m/nofp/crtbegin.o
 *(.init)
 .init          0x0000000008000e38        0x4 C:/ST/STM32CubeIDE_1.13.0/STM32CubeIDE/plugins/com.st.stm32cube.ide.mcu.externaltools.gnu-tools-for-stm32.11.3.rel1.win32_1.1.0.202305231506/tools/bin/../lib/gcc/arm-none-eabi/11.3.1/thumb/v7-m/nofp/crti.o
                0x0000000008000e38                _init
 .init          0x0000000008000e3c        0x8 C:/ST/STM32CubeIDE_1.13.0/STM32CubeIDE/plugins/com.st.stm32cube.ide.mcu.externaltools.gnu-tools-for-stm32.11.3.rel1.win32_1.1.0.202305231506/tools/bin/../lib/gcc/arm-none-eabi/11.3.1/thumb/v7-m/nofp/crtn.o
 *(.fini)
 .fini          0x0000000008000e44        0x4 C:/ST/STM32CubeIDE_1.13.0/STM32CubeIDE/plugins/com.st.stm32cube.ide.mcu.externaltools.gnu-tools-for-stm32.11.3.rel1.win32_1.1.0.202305231506/tools/bin/../lib/gcc/arm-none-eabi/11.3.1/thumb/v7-m/nofp/crti.o
                0x0000000008000e44                _fini
 .fini          0x0000000008000e48        0x8 C:/ST/STM32CubeIDE_1.13.0/STM32CubeIDE/plugins/com.st.stm32cube.ide.mcu.externaltools.gnu-tools-for-stm32.11.3.rel1.win32_1.1.0.202305231506/tools/bin/../lib/gcc/arm-none-eabi/11.3.1/thumb/v7-m/nofp/crtn.o
                0x0000000008000e50                . = ALIGN (0x4)
                0x0000000008000e50                _etext = .

.vfp11_veneer   0x0000000008000e50        0x0
 .vfp11_veneer  0x0000000008000e50        0x0 linker stubs

.v4_bx          0x0000000008000e50        0x0
 .v4_bx         0x0000000008000e50        0x0 linker stubs

.iplt           0x0000000008000e50        0x0
 .iplt          0x0000000008000e50        0x0 C:/ST/STM32CubeIDE_1.13.0/STM32CubeIDE/plugins/com.st.stm32cube.ide.mcu.externaltools.gnu-tools-for-stm32.11.3.rel1.win32_1.1.0.202305231506/tools/bin/../lib/gcc/arm-none-eabi/11.3.1/thumb/v7-m/nofp/crtbegin.o

.rodata         0x0000000008000e50       0x24
                0x0000000008000e50                . = ALIGN (0x4)
 *(.rodata)
 *(.rodata*)
 .rodata.AHBPrescTable
                0x0000000008000e50       0x10 ./src/bsp/system_stm32f1xx.o
                0x0000000008000e50                AHBPrescTable
 .rodata.aPLLMULFactorTable.1
                0x0000000008000e60       0x10 ./src/lib/Drivers/STM32F1xx_HAL_Driver/Src/stm32f1xx_hal_rcc.o
 .rodata.aPredivFactorTable.0
                0x0000000008000e70        0x2 ./src/lib/Drivers/STM32F1xx_HAL_Driver/Src/stm32f1xx_hal_rcc.o
                0x0000000008000e74                . = ALIGN (0x4)
 *fill*         0x0000000008000e72        0x2 

.rel.dyn        0x0000000008000e74        0x0
 .rel.iplt      0x0000000008000e74        0x0 C:/ST/STM32CubeIDE_1.13.0/STM32CubeIDE/plugins/com.st.stm32cube.ide.mcu.externaltools.gnu-tools-for-stm32.11.3.rel1.win32_1.1.0.202305231506/tools/bin/../lib/gcc/arm-none-eabi/11.3.1/thumb/v7-m/nofp/crtbegin.o

.ARM.extab      0x0000000008000e74        0x0
                0x0000000008000e74                . = ALIGN (0x4)
 *(.ARM.extab* .gnu.linkonce.armextab.*)
                0x0000000008000e74                . = ALIGN (0x4)

.ARM            0x0000000008000e74        0x0
                0x0000000008000e74                . = ALIGN (0x4)
                0x0000000008000e74                __exidx_start = .
 *(.ARM.exidx*)
                0x0000000008000e74                __exidx_end = .
                0x0000000008000e74                . = ALIGN (0x4)

.preinit_array  0x0000000008000e74        0x0
                0x0000000008000e74                . = ALIGN (0x4)
                0x0000000008000e74                PROVIDE (__preinit_array_start = .)
 *(.preinit_array*)
                0x0000000008000e74                PROVIDE (__preinit_array_end = .)
                0x0000000008000e74                . = ALIGN (0x4)

.init_array     0x0000000008000e74        0x4
                0x0000000008000e74                . = ALIGN (0x4)
                0x0000000008000e74                PROVIDE (__init_array_start = .)
 *(SORT_BY_NAME(.init_array.*))
 *(.init_array*)
 .init_array    0x0000000008000e74        0x4 C:/ST/STM32CubeIDE_1.13.0/STM32CubeIDE/plugins/com.st.stm32cube.ide.mcu.externaltools.gnu-tools-for-stm32.11.3.rel1.win32_1.1.0.202305231506/tools/bin/../lib/gcc/arm-none-eabi/11.3.1/thumb/v7-m/nofp/crtbegin.o
                0x0000000008000e78                PROVIDE (__init_array_end = .)
                0x0000000008000e78                . = ALIGN (0x4)

.fini_array     0x0000000008000e78        0x4
                0x0000000008000e78                . = ALIGN (0x4)
                [!provide]                        PROVIDE (__fini_array_start = .)
 *(SORT_BY_NAME(.fini_array.*))
 *(.fini_array*)
 .fini_array    0x0000000008000e78        0x4 C:/ST/STM32CubeIDE_1.13.0/STM32CubeIDE/plugins/com.st.stm32cube.ide.mcu.externaltools.gnu-tools-for-stm32.11.3.rel1.win32_1.1.0.202305231506/tools/bin/../lib/gcc/arm-none-eabi/11.3.1/thumb/v7-m/nofp/crtbegin.o
                [!provide]                        PROVIDE (__fini_array_end = .)
                0x0000000008000e7c                . = ALIGN (0x4)
                0x0000000008000e7c                _sidata = LOADADDR (.data)

.data           0x0000000020000000        0xc load address 0x0000000008000e7c
                0x0000000020000000                . = ALIGN (0x4)
                0x0000000020000000                _sdata = .
 *(.data)
 *(.data*)
 .data.SystemCoreClock
                0x0000000020000000        0x4 ./src/bsp/system_stm32f1xx.o
                0x0000000020000000                SystemCoreClock
 .data.uwTickPrio
                0x0000000020000004        0x4 ./src/lib/Drivers/STM32F1xx_HAL_Driver/Src/stm32f1xx_hal.o
                0x0000000020000004                uwTickPrio
 .data.uwTickFreq
                0x0000000020000008        0x1 ./src/lib/Drivers/STM32F1xx_HAL_Driver/Src/stm32f1xx_hal.o
                0x0000000020000008                uwTickFreq
 *(.RamFunc)
 *(.RamFunc*)
                0x000000002000000c                . = ALIGN (0x4)
 *fill*         0x0000000020000009        0x3 
                0x000000002000000c                _edata = .

.igot.plt       0x000000002000000c        0x0 load address 0x0000000008000e88
 .igot.plt      0x000000002000000c        0x0 C:/ST/STM32CubeIDE_1.13.0/STM32CubeIDE/plugins/com.st.stm32cube.ide.mcu.externaltools.gnu-tools-for-stm32.11.3.rel1.win32_1.1.0.202305231506/tools/bin/../lib/gcc/arm-none-eabi/11.3.1/thumb/v7-m/nofp/crtbegin.o
                0x000000002000000c                . = ALIGN (0x4)

.bss            0x000000002000000c       0x20 load address 0x0000000008000e88
                0x000000002000000c                _sbss = .
                0x000000002000000c                __bss_start__ = _sbss
 *(.bss)
 .bss           0x000000002000000c       0x1c C:/ST/STM32CubeIDE_1.13.0/STM32CubeIDE/plugins/com.st.stm32cube.ide.mcu.externaltools.gnu-tools-for-stm32.11.3.rel1.win32_1.1.0.202305231506/tools/bin/../lib/gcc/arm-none-eabi/11.3.1/thumb/v7-m/nofp/crtbegin.o
 *(.bss*)
 .bss.uwTick    0x0000000020000028        0x4 ./src/lib/Drivers/STM32F1xx_HAL_Driver/Src/stm32f1xx_hal.o
                0x0000000020000028                uwTick
 *(COMMON)
                0x000000002000002c                . = ALIGN (0x4)
                0x000000002000002c                _ebss = .
                0x000000002000002c                __bss_end__ = _ebss

._user_heap_stack
                0x000000002000002c      0x604 load address 0x0000000008000e88
                0x0000000020000030                . = ALIGN (0x8)
 *fill*         0x000000002000002c        0x4 
                [!provide]                        PROVIDE (end = .)
                0x0000000020000030                PROVIDE (_end = .)
                0x0000000020000230                . = (. + _Min_Heap_Size)
 *fill*         0x0000000020000030      0x200 
                0x0000000020000630                . = (. + _Min_Stack_Size)
 *fill*         0x0000000020000230      0x400 
                0x0000000020000630                . = ALIGN (0x8)

/DISCARD/
 libc.a(*)
 libm.a(*)
 libgcc.a(*)

.ARM.attributes
                0x0000000000000000       0x29
 *(.ARM.attributes)
 .ARM.attributes
                0x0000000000000000       0x1d C:/ST/STM32CubeIDE_1.13.0/STM32CubeIDE/plugins/com.st.stm32cube.ide.mcu.externaltools.gnu-tools-for-stm32.11.3.rel1.win32_1.1.0.202305231506/tools/bin/../lib/gcc/arm-none-eabi/11.3.1/thumb/v7-m/nofp/crti.o
 .ARM.attributes
                0x000000000000001d       0x2d C:/ST/STM32CubeIDE_1.13.0/STM32CubeIDE/plugins/com.st.stm32cube.ide.mcu.externaltools.gnu-tools-for-stm32.11.3.rel1.win32_1.1.0.202305231506/tools/bin/../lib/gcc/arm-none-eabi/11.3.1/thumb/v7-m/nofp/crtbegin.o
 .ARM.attributes
                0x000000000000004a       0x2d ./main.o
 .ARM.attributes
                0x0000000000000077       0x2d ./src/bp/bp.o
 .ARM.attributes
                0x00000000000000a4       0x2d ./src/bsp/bsp.o
 .ARM.attributes
                0x00000000000000d1       0x2d ./src/bsp/stm32f1xx_hal_msp.o
 .ARM.attributes
                0x00000000000000fe       0x2d ./src/bsp/stm32f1xx_it.o
 .ARM.attributes
                0x000000000000012b       0x2d ./src/bsp/system_stm32f1xx.o
 .ARM.attributes
                0x0000000000000158       0x21 ./src/bsp/startup/startup_stm32f103rbhx.o
 .ARM.attributes
                0x0000000000000179       0x2d ./src/hw/hw.o
 .ARM.attributes
                0x00000000000001a6       0x2d ./src/lib/Drivers/STM32F1xx_HAL_Driver/Src/stm32f1xx_hal.o
 .ARM.attributes
                0x00000000000001d3       0x2d ./src/lib/Drivers/STM32F1xx_HAL_Driver/Src/stm32f1xx_hal_cortex.o
 .ARM.attributes
                0x0000000000000200       0x2d ./src/lib/Drivers/STM32F1xx_HAL_Driver/Src/stm32f1xx_hal_rcc.o
 .ARM.attributes
                0x000000000000022d       0x2d C:/ST/STM32CubeIDE_1.13.0/STM32CubeIDE/plugins/com.st.stm32cube.ide.mcu.externaltools.gnu-tools-for-stm32.11.3.rel1.win32_1.1.0.202305231506/tools/bin/../lib/gcc/arm-none-eabi/11.3.1/../../../../arm-none-eabi/lib/thumb/v7-m/nofp\libc_nano.a(libc_a-memset.o)
 .ARM.attributes
                0x000000000000025a       0x2d C:/ST/STM32CubeIDE_1.13.0/STM32CubeIDE/plugins/com.st.stm32cube.ide.mcu.externaltools.gnu-tools-for-stm32.11.3.rel1.win32_1.1.0.202305231506/tools/bin/../lib/gcc/arm-none-eabi/11.3.1/../../../../arm-none-eabi/lib/thumb/v7-m/nofp\libc_nano.a(libc_a-init.o)
 .ARM.attributes
                0x0000000000000287       0x1d C:/ST/STM32CubeIDE_1.13.0/STM32CubeIDE/plugins/com.st.stm32cube.ide.mcu.externaltools.gnu-tools-for-stm32.11.3.rel1.win32_1.1.0.202305231506/tools/bin/../lib/gcc/arm-none-eabi/11.3.1/thumb/v7-m/nofp/crtn.o
OUTPUT(stm32.elf elf32-littlearm)
LOAD linker stubs
LOAD C:/ST/STM32CubeIDE_1.13.0/STM32CubeIDE/plugins/com.st.stm32cube.ide.mcu.externaltools.gnu-tools-for-stm32.11.3.rel1.win32_1.1.0.202305231506/tools/bin/../lib/gcc/arm-none-eabi/11.3.1/../../../../arm-none-eabi/lib/thumb/v7-m/nofp\libc.a
LOAD C:/ST/STM32CubeIDE_1.13.0/STM32CubeIDE/plugins/com.st.stm32cube.ide.mcu.externaltools.gnu-tools-for-stm32.11.3.rel1.win32_1.1.0.202305231506/tools/bin/../lib/gcc/arm-none-eabi/11.3.1/../../../../arm-none-eabi/lib/thumb/v7-m/nofp\libm.a
LOAD C:/ST/STM32CubeIDE_1.13.0/STM32CubeIDE/plugins/com.st.stm32cube.ide.mcu.externaltools.gnu-tools-for-stm32.11.3.rel1.win32_1.1.0.202305231506/tools/bin/../lib/gcc/arm-none-eabi/11.3.1/thumb/v7-m/nofp\libgcc.a

.comment        0x0000000000000000       0x43
 .comment       0x0000000000000000       0x43 C:/ST/STM32CubeIDE_1.13.0/STM32CubeIDE/plugins/com.st.stm32cube.ide.mcu.externaltools.gnu-tools-for-stm32.11.3.rel1.win32_1.1.0.202305231506/tools/bin/../lib/gcc/arm-none-eabi/11.3.1/thumb/v7-m/nofp/crtbegin.o
                                         0x44 (size before relaxing)
 .comment       0x0000000000000043       0x44 ./main.o
 .comment       0x0000000000000043       0x44 ./src/bp/bp.o
 .comment       0x0000000000000043       0x44 ./src/bsp/bsp.o
 .comment       0x0000000000000043       0x44 ./src/bsp/stm32f1xx_hal_msp.o
 .comment       0x0000000000000043       0x44 ./src/bsp/stm32f1xx_it.o
 .comment       0x0000000000000043       0x44 ./src/bsp/system_stm32f1xx.o
 .comment       0x0000000000000043       0x44 ./src/hw/hw.o
 .comment       0x0000000000000043       0x44 ./src/lib/Drivers/STM32F1xx_HAL_Driver/Src/stm32f1xx_hal.o
 .comment       0x0000000000000043       0x44 ./src/lib/Drivers/STM32F1xx_HAL_Driver/Src/stm32f1xx_hal_cortex.o
 .comment       0x0000000000000043       0x44 ./src/lib/Drivers/STM32F1xx_HAL_Driver/Src/stm32f1xx_hal_rcc.o

.debug_info     0x0000000000000000     0x2427
 .debug_info    0x0000000000000000       0xb8 ./main.o
 .debug_info    0x00000000000000b8       0x9b ./src/bp/bp.o
 .debug_info    0x0000000000000153      0x3a1 ./src/bsp/bsp.o
 .debug_info    0x00000000000004f4      0x1f4 ./src/bsp/stm32f1xx_hal_msp.o
 .debug_info    0x00000000000006e8      0x116 ./src/bsp/stm32f1xx_it.o
 .debug_info    0x00000000000007fe      0x217 ./src/bsp/system_stm32f1xx.o
 .debug_info    0x0000000000000a15       0x23 ./src/bsp/startup/startup_stm32f103rbhx.o
 .debug_info    0x0000000000000a38       0x9b ./src/hw/hw.o
 .debug_info    0x0000000000000ad3      0x700 ./src/lib/Drivers/STM32F1xx_HAL_Driver/Src/stm32f1xx_hal.o
 .debug_info    0x00000000000011d3      0xa83 ./src/lib/Drivers/STM32F1xx_HAL_Driver/Src/stm32f1xx_hal_cortex.o
 .debug_info    0x0000000000001c56      0x7d1 ./src/lib/Drivers/STM32F1xx_HAL_Driver/Src/stm32f1xx_hal_rcc.o

.debug_abbrev   0x0000000000000000      0xd12
 .debug_abbrev  0x0000000000000000       0x5e ./main.o
 .debug_abbrev  0x000000000000005e       0x45 ./src/bp/bp.o
 .debug_abbrev  0x00000000000000a3      0x1d5 ./src/bsp/bsp.o
 .debug_abbrev  0x0000000000000278       0xd9 ./src/bsp/stm32f1xx_hal_msp.o
 .debug_abbrev  0x0000000000000351       0x71 ./src/bsp/stm32f1xx_it.o
 .debug_abbrev  0x00000000000003c2      0x13d ./src/bsp/system_stm32f1xx.o
 .debug_abbrev  0x00000000000004ff       0x12 ./src/bsp/startup/startup_stm32f103rbhx.o
 .debug_abbrev  0x0000000000000511       0x5b ./src/hw/hw.o
 .debug_abbrev  0x000000000000056c      0x1ff ./src/lib/Drivers/STM32F1xx_HAL_Driver/Src/stm32f1xx_hal.o
 .debug_abbrev  0x000000000000076b      0x2f6 ./src/lib/Drivers/STM32F1xx_HAL_Driver/Src/stm32f1xx_hal_cortex.o
 .debug_abbrev  0x0000000000000a61      0x2b1 ./src/lib/Drivers/STM32F1xx_HAL_Driver/Src/stm32f1xx_hal_rcc.o

.debug_aranges  0x0000000000000000      0x3e8
 .debug_aranges
                0x0000000000000000       0x20 ./main.o
 .debug_aranges
                0x0000000000000020       0x28 ./src/bp/bp.o
 .debug_aranges
                0x0000000000000048       0x40 ./src/bsp/bsp.o
 .debug_aranges
                0x0000000000000088       0x20 ./src/bsp/stm32f1xx_hal_msp.o
 .debug_aranges
                0x00000000000000a8       0x60 ./src/bsp/stm32f1xx_it.o
 .debug_aranges
                0x0000000000000108       0x28 ./src/bsp/system_stm32f1xx.o
 .debug_aranges
                0x0000000000000130       0x28 ./src/bsp/startup/startup_stm32f103rbhx.o
 .debug_aranges
                0x0000000000000158       0x20 ./src/hw/hw.o
 .debug_aranges
                0x0000000000000178       0xe0 ./src/lib/Drivers/STM32F1xx_HAL_Driver/Src/stm32f1xx_hal.o
 .debug_aranges
                0x0000000000000258      0x100 ./src/lib/Drivers/STM32F1xx_HAL_Driver/Src/stm32f1xx_hal_cortex.o
 .debug_aranges
                0x0000000000000358       0x90 ./src/lib/Drivers/STM32F1xx_HAL_Driver/Src/stm32f1xx_hal_rcc.o

.debug_rnglists
                0x0000000000000000      0x2be
 .debug_rnglists
                0x0000000000000000       0x13 ./main.o
 .debug_rnglists
                0x0000000000000013       0x19 ./src/bp/bp.o
 .debug_rnglists
                0x000000000000002c       0x2c ./src/bsp/bsp.o
 .debug_rnglists
                0x0000000000000058       0x13 ./src/bsp/stm32f1xx_hal_msp.o
 .debug_rnglists
                0x000000000000006b       0x43 ./src/bsp/stm32f1xx_it.o
 .debug_rnglists
                0x00000000000000ae       0x1a ./src/bsp/system_stm32f1xx.o
 .debug_rnglists
                0x00000000000000c8       0x19 ./src/bsp/startup/startup_stm32f103rbhx.o
 .debug_rnglists
                0x00000000000000e1       0x13 ./src/hw/hw.o
 .debug_rnglists
                0x00000000000000f4       0xa3 ./src/lib/Drivers/STM32F1xx_HAL_Driver/Src/stm32f1xx_hal.o
 .debug_rnglists
                0x0000000000000197       0xbb ./src/lib/Drivers/STM32F1xx_HAL_Driver/Src/stm32f1xx_hal_cortex.o
 .debug_rnglists
                0x0000000000000252       0x6c ./src/lib/Drivers/STM32F1xx_HAL_Driver/Src/stm32f1xx_hal_rcc.o

.debug_line     0x0000000000000000     0x2568
 .debug_line    0x0000000000000000       0x9f ./main.o
 .debug_line    0x000000000000009f       0x5b ./src/bp/bp.o
 .debug_line    0x00000000000000fa      0x41d ./src/bsp/bsp.o
 .debug_line    0x0000000000000517      0x29a ./src/bsp/stm32f1xx_hal_msp.o
 .debug_line    0x00000000000007b1      0x163 ./src/bsp/stm32f1xx_it.o
 .debug_line    0x0000000000000914      0x346 ./src/bsp/system_stm32f1xx.o
 .debug_line    0x0000000000000c5a       0x7b ./src/bsp/startup/startup_stm32f103rbhx.o
 .debug_line    0x0000000000000cd5       0x76 ./src/hw/hw.o
 .debug_line    0x0000000000000d4b      0x644 ./src/lib/Drivers/STM32F1xx_HAL_Driver/Src/stm32f1xx_hal.o
 .debug_line    0x000000000000138f      0x799 ./src/lib/Drivers/STM32F1xx_HAL_Driver/Src/stm32f1xx_hal_cortex.o
 .debug_line    0x0000000000001b28      0xa40 ./src/lib/Drivers/STM32F1xx_HAL_Driver/Src/stm32f1xx_hal_rcc.o

.debug_str      0x0000000000000000     0x1163
 .debug_str     0x0000000000000000      0x151 ./main.o
                                        0x18a (size before relaxing)
 .debug_str     0x0000000000000151        0xf ./src/bp/bp.o
                                        0x183 (size before relaxing)
 .debug_str     0x0000000000000160      0x22d ./src/bsp/bsp.o
                                        0x3a2 (size before relaxing)
 .debug_str     0x000000000000038d       0x59 ./src/bsp/stm32f1xx_hal_msp.o
                                        0x219 (size before relaxing)
 .debug_str     0x00000000000003e6       0xb6 ./src/bsp/stm32f1xx_it.o
                                        0x21c (size before relaxing)
 .debug_str     0x000000000000049c       0x8d ./src/bsp/system_stm32f1xx.o
                                        0x23d (size before relaxing)
 .debug_str     0x0000000000000529       0x37 ./src/bsp/startup/startup_stm32f103rbhx.o
                                         0x5c (size before relaxing)
 .debug_str     0x0000000000000560        0xf ./src/hw/hw.o
                                        0x184 (size before relaxing)
 .debug_str     0x000000000000056f      0x5e9 ./src/lib/Drivers/STM32F1xx_HAL_Driver/Src/stm32f1xx_hal.o
                                        0x82c (size before relaxing)
 .debug_str     0x0000000000000b58      0x3c3 ./src/lib/Drivers/STM32F1xx_HAL_Driver/Src/stm32f1xx_hal_cortex.o
                                        0x8d1 (size before relaxing)
 .debug_str     0x0000000000000f1b      0x248 ./src/lib/Drivers/STM32F1xx_HAL_Driver/Src/stm32f1xx_hal_rcc.o
                                        0x629 (size before relaxing)

.debug_frame    0x0000000000000000      0xca4
 .debug_frame   0x0000000000000000       0x2c ./main.o
 .debug_frame   0x000000000000002c       0x48 ./src/bp/bp.o
 .debug_frame   0x0000000000000074       0xb0 ./src/bsp/bsp.o
 .debug_frame   0x0000000000000124       0x38 ./src/bsp/stm32f1xx_hal_msp.o
 .debug_frame   0x000000000000015c      0x104 ./src/bsp/stm32f1xx_it.o
 .debug_frame   0x0000000000000260       0x58 ./src/bsp/system_stm32f1xx.o
 .debug_frame   0x00000000000002b8       0x2c ./src/hw/hw.o
 .debug_frame   0x00000000000002e4      0x334 ./src/lib/Drivers/STM32F1xx_HAL_Driver/Src/stm32f1xx_hal.o
 .debug_frame   0x0000000000000618      0x428 ./src/lib/Drivers/STM32F1xx_HAL_Driver/Src/stm32f1xx_hal_cortex.o
 .debug_frame   0x0000000000000a40      0x218 ./src/lib/Drivers/STM32F1xx_HAL_Driver/Src/stm32f1xx_hal_rcc.o
 .debug_frame   0x0000000000000c58       0x20 C:/ST/STM32CubeIDE_1.13.0/STM32CubeIDE/plugins/com.st.stm32cube.ide.mcu.externaltools.gnu-tools-for-stm32.11.3.rel1.win32_1.1.0.202305231506/tools/bin/../lib/gcc/arm-none-eabi/11.3.1/../../../../arm-none-eabi/lib/thumb/v7-m/nofp\libc_nano.a(libc_a-memset.o)
 .debug_frame   0x0000000000000c78       0x2c C:/ST/STM32CubeIDE_1.13.0/STM32CubeIDE/plugins/com.st.stm32cube.ide.mcu.externaltools.gnu-tools-for-stm32.11.3.rel1.win32_1.1.0.202305231506/tools/bin/../lib/gcc/arm-none-eabi/11.3.1/../../../../arm-none-eabi/lib/thumb/v7-m/nofp\libc_nano.a(libc_a-init.o)

.debug_line_str
                0x0000000000000000       0x50
 .debug_line_str
                0x0000000000000000       0x50 ./src/bsp/startup/startup_stm32f103rbhx.o
                                         0x68 (size before relaxing)
